
> bright-audio-app@0.1.0 electron:build
> cross-env NODE_OPTIONS=--max-old-space-size=4096 next build && npm run electron:compile && npm run copy:sql && electron-builder --publish never

   Γû▓ Next.js 15.5.8
   - Environments: .env.local
   - Experiments (use with caution):
     Γ£ô optimizeCss
     ┬╖ optimizePackageImports

   Creating an optimized production build ...
npm : <w> [webpack.cache.PackFileCacheStrategy] Serializing big strings 
(118kiB) impacts deserialization performance (consider using Buffer instead 
and decode when needed)
At line:1 char:1
+ npm run electron:build 2>&1 | Tee-Object -FilePath build-output.txt
+ ~~~~~~~~~~~~~~~~~~~~~~~~~~~
    + CategoryInfo          : NotSpecified: (<w> [webpack.ca...de when needed) 
   :String) [], RemoteException
    + FullyQualifiedErrorId : NativeCommandError
 
